// Jest Snapshot v1, https://goo.gl/fbAQLP

exports[`Header should mount correctly 1`] = `ReactWrapper {}`;

exports[`Header should render correctly 1`] = `
Object {
  "asFragment": [Function],
  "baseElement": <body>
    <div>
      <header
        class="header"
      >
        <div
          class="header__left"
        >
          <div
            class="header__logo-container"
          >
            <img
              alt="Logo"
              class="header__logo"
              src="img/icon-1.png"
            />
          </div>
          <div
            class="header__search-container"
          >
            <img
              alt="Magnifying glass"
              class="header__search-icon"
              src="img/icon-12.png"
            />
            <input
              class="header__input"
              placeholder="Search"
              type="text"
            />
          </div>
        </div>
        <div
          class="header__right"
        >
          <div
            class="header__bell-container"
          >
            <img
              alt="Notifications"
              class="header__bell"
              src="img/icon-11.png"
            />
          </div>
          <div
            class="header__avatar-container"
          >
            <img
              alt="Current user"
              class="header__avatar"
              src="img/avatar.png"
            />
          </div>
        </div>
      </header>
    </div>
  </body>,
  "container": <div>
    <header
      class="header"
    >
      <div
        class="header__left"
      >
        <div
          class="header__logo-container"
        >
          <img
            alt="Logo"
            class="header__logo"
            src="img/icon-1.png"
          />
        </div>
        <div
          class="header__search-container"
        >
          <img
            alt="Magnifying glass"
            class="header__search-icon"
            src="img/icon-12.png"
          />
          <input
            class="header__input"
            placeholder="Search"
            type="text"
          />
        </div>
      </div>
      <div
        class="header__right"
      >
        <div
          class="header__bell-container"
        >
          <img
            alt="Notifications"
            class="header__bell"
            src="img/icon-11.png"
          />
        </div>
        <div
          class="header__avatar-container"
        >
          <img
            alt="Current user"
            class="header__avatar"
            src="img/avatar.png"
          />
        </div>
      </div>
    </header>
  </div>,
  "debug": [Function],
  "findAllByAltText": [Function],
  "findAllByDisplayValue": [Function],
  "findAllByLabelText": [Function],
  "findAllByPlaceholderText": [Function],
  "findAllByRole": [Function],
  "findAllByTestId": [Function],
  "findAllByText": [Function],
  "findAllByTitle": [Function],
  "findByAltText": [Function],
  "findByDisplayValue": [Function],
  "findByLabelText": [Function],
  "findByPlaceholderText": [Function],
  "findByRole": [Function],
  "findByTestId": [Function],
  "findByText": [Function],
  "findByTitle": [Function],
  "getAllByAltText": [Function],
  "getAllByDisplayValue": [Function],
  "getAllByLabelText": [Function],
  "getAllByPlaceholderText": [Function],
  "getAllByRole": [Function],
  "getAllByTestId": [Function],
  "getAllByText": [Function],
  "getAllByTitle": [Function],
  "getByAltText": [Function],
  "getByDisplayValue": [Function],
  "getByLabelText": [Function],
  "getByPlaceholderText": [Function],
  "getByRole": [Function],
  "getByTestId": [Function],
  "getByText": [Function],
  "getByTitle": [Function],
  "queryAllByAltText": [Function],
  "queryAllByDisplayValue": [Function],
  "queryAllByLabelText": [Function],
  "queryAllByPlaceholderText": [Function],
  "queryAllByRole": [Function],
  "queryAllByTestId": [Function],
  "queryAllByText": [Function],
  "queryAllByTitle": [Function],
  "queryByAltText": [Function],
  "queryByDisplayValue": [Function],
  "queryByLabelText": [Function],
  "queryByPlaceholderText": [Function],
  "queryByRole": [Function],
  "queryByTestId": [Function],
  "queryByText": [Function],
  "queryByTitle": [Function],
  "rerender": [Function],
  "unmount": [Function],
}
`;

exports[`Header should shallow correctly 1`] = `ShallowWrapper {}`;
