// Jest Snapshot v1, https://goo.gl/fbAQLP

exports[`Sidebar should mount correctly 1`] = `ReactWrapper {}`;

exports[`Sidebar should render correctly 1`] = `
Object {
  "asFragment": [Function],
  "baseElement": <body>
    <div>
      <aside
        class="sidebar"
      >
        <div
          class="sidebar__skeleton"
        />
        <div
          class="sidebar__content"
        >
          <img
            alt="Dashboard"
            class="sidebar__icon"
            src="img/icon-2.png"
          />
          <img
            alt="Dashboard"
            class="sidebar__icon"
            src="img/icon-3.png"
          />
          <img
            alt="Dashboard"
            class="sidebar__icon"
            src="img/icon-9.png"
          />
          <img
            alt="Dashboard"
            class="sidebar__icon"
            src="img/icon-4.png"
          />
          <img
            alt="Dashboard"
            class="sidebar__icon"
            src="img/icon-5.png"
          />
          <img
            alt="Dashboard"
            class="sidebar__icon"
            src="img/icon-6.png"
          />
          <img
            alt="Dashboard"
            class="sidebar__icon"
            src="img/icon-7.png"
          />
        </div>
      </aside>
    </div>
  </body>,
  "container": <div>
    <aside
      class="sidebar"
    >
      <div
        class="sidebar__skeleton"
      />
      <div
        class="sidebar__content"
      >
        <img
          alt="Dashboard"
          class="sidebar__icon"
          src="img/icon-2.png"
        />
        <img
          alt="Dashboard"
          class="sidebar__icon"
          src="img/icon-3.png"
        />
        <img
          alt="Dashboard"
          class="sidebar__icon"
          src="img/icon-9.png"
        />
        <img
          alt="Dashboard"
          class="sidebar__icon"
          src="img/icon-4.png"
        />
        <img
          alt="Dashboard"
          class="sidebar__icon"
          src="img/icon-5.png"
        />
        <img
          alt="Dashboard"
          class="sidebar__icon"
          src="img/icon-6.png"
        />
        <img
          alt="Dashboard"
          class="sidebar__icon"
          src="img/icon-7.png"
        />
      </div>
    </aside>
  </div>,
  "debug": [Function],
  "findAllByAltText": [Function],
  "findAllByDisplayValue": [Function],
  "findAllByLabelText": [Function],
  "findAllByPlaceholderText": [Function],
  "findAllByRole": [Function],
  "findAllByTestId": [Function],
  "findAllByText": [Function],
  "findAllByTitle": [Function],
  "findByAltText": [Function],
  "findByDisplayValue": [Function],
  "findByLabelText": [Function],
  "findByPlaceholderText": [Function],
  "findByRole": [Function],
  "findByTestId": [Function],
  "findByText": [Function],
  "findByTitle": [Function],
  "getAllByAltText": [Function],
  "getAllByDisplayValue": [Function],
  "getAllByLabelText": [Function],
  "getAllByPlaceholderText": [Function],
  "getAllByRole": [Function],
  "getAllByTestId": [Function],
  "getAllByText": [Function],
  "getAllByTitle": [Function],
  "getByAltText": [Function],
  "getByDisplayValue": [Function],
  "getByLabelText": [Function],
  "getByPlaceholderText": [Function],
  "getByRole": [Function],
  "getByTestId": [Function],
  "getByText": [Function],
  "getByTitle": [Function],
  "queryAllByAltText": [Function],
  "queryAllByDisplayValue": [Function],
  "queryAllByLabelText": [Function],
  "queryAllByPlaceholderText": [Function],
  "queryAllByRole": [Function],
  "queryAllByTestId": [Function],
  "queryAllByText": [Function],
  "queryAllByTitle": [Function],
  "queryByAltText": [Function],
  "queryByDisplayValue": [Function],
  "queryByLabelText": [Function],
  "queryByPlaceholderText": [Function],
  "queryByRole": [Function],
  "queryByTestId": [Function],
  "queryByText": [Function],
  "queryByTitle": [Function],
  "rerender": [Function],
  "unmount": [Function],
}
`;

exports[`Sidebar should shallow correctly 1`] = `ShallowWrapper {}`;
